[royalfibernet.shop/index.html]
[backblue.gif]
[fade.gif]
[index.html]
[royalfibernet.shop/frontend/vendor/bootstrap/css/bootstrap.min.css]
[royalfibernet.shop/frontend/assets/css/fontawesome.css]
[royalfibernet.shop/frontend/assets/css/templatemo-digimedia-v1.css]
[royalfibernet.shop/frontend/assets/css/animated.css]
[royalfibernet.shop/frontend/assets/css/owl.css]
[royalfibernet.shop/storage/logos/Z8JG2Bpkeke6sRuocmNrDTH55HTptBEKVZB3qHN1.png]
[royalfibernet.shop/frontend/assets/images/slider-dec.png]
[royalfibernet.shop/frontend/assets/images/about-dec.png]
[royalfibernet.shop/frontend/assets/images/service-icon-01.png]
[royalfibernet.shop/frontend/assets/images/service-icon-02.png]
[royalfibernet.shop/frontend/assets/images/service-icon-03.png]
[royalfibernet.shop/frontend/assets/images/service-icon-04.png]
[royalfibernet.shop/frontend/assets/images/blog-post-01.jpg]
[royalfibernet.shop/frontend/assets/images/author-post.jpg]
[www.celebface.in/wp-content/uploads/2020/09/seo-Features.jpg]
[wallpapercave.com/wp/wp3950063.jpg]
[royalfibernet.shop/frontend/assets/images/contact-dec.png]
[static.vecteezy.com/system/resources/previews/006/986/475/original/city-map-with-navigation-icons-vector.jpg]
[royalfibernet.shop/frontend/assets/images/phone-icon.png]
[royalfibernet.shop/frontend/assets/images/email-icon.png]
[royalfibernet.shop/frontend/assets/images/location-icon.png]
[royalfibernet.shop/frontend/vendor/jquery/jquery.min.js]
[royalfibernet.shop/frontend/vendor/bootstrap/js/bootstrap.bundle.min.js]
[royalfibernet.shop/frontend/assets/js/owl-carousel.js]
[royalfibernet.shop/frontend/assets/js/animation.js]
[royalfibernet.shop/frontend/assets/js/imagesloaded.js]
[royalfibernet.shop/index.html]
[royalfibernet.shop/frontend/vendor/bootstrap/css/bootstrap.min.css]
[royalfibernet.shop/frontend/assets/js/custom.js]
[royalfibernet.shop/frontend/assets/fonts/fontawesome-webfonte0a5.eot]
[royalfibernet.shop/frontend/assets/fonts/fontawesome-webfontd41d.eot]
[royalfibernet.shop/frontend/assets/fonts/fontawesome-webfonte0a5.woff2]
[royalfibernet.shop/frontend/assets/fonts/fontawesome-webfonte0a5.woff]
[royalfibernet.shop/frontend/assets/fonts/fontawesome-webfonte0a5.ttf]
[royalfibernet.shop/frontend/assets/css/fontawesome.css]
[royalfibernet.shop/frontend/assets/images/slider-left-dec.jpg]
[royalfibernet.shop/frontend/assets/images/slider-right-dec.jpg]
[royalfibernet.shop/frontend/assets/images/services-left-dec.jpg]
[royalfibernet.shop/frontend/assets/images/services-right-dec.jpg]
[royalfibernet.shop/frontend/assets/images/quote-bg.jpg]
[royalfibernet.shop/frontend/assets/images/portfolio-right-dec.jpg]
[royalfibernet.shop/frontend/assets/images/portfolio-left-dec.jpg]
[royalfibernet.shop/frontend/assets/images/blog-left-dec.jpg]
[royalfibernet.shop/frontend/assets/images/contact-top-right.png]
[royalfibernet.shop/frontend/assets/images/contact-bottom-right.png]
[royalfibernet.shop/frontend/assets/images/footer-bg.jpg]
[royalfibernet.shop/frontend/assets/css/templatemo-digimedia-v1.css]
[royalfibernet.shop/frontend/assets/css/animated.css]
[royalfibernet.shop/frontend/assets/css/owl.css]
[royalfibernet.shop/privacy.html]
[royalfibernet.shop/tac.html]
[royalfibernet.shop/frontend/assets/fonts/fontawesome-webfonte0a5.svg]
[royalfibernet.shop/frontend/assets/css/owl.video.play.html]
